一旦你在分区上装载文件系统,我们就可以挂载它了,挂载一个文件系统时使用它的前提,一般挂载的是一个目录,我们一般说挂载一个文件系统而不是挂载一个分区,在后面我们可以看到我们也可以挂载一个不在分区上的文件系统

在所有的UNIX系统之上,所有的文件和目录是文件树的一部分,为了打开一个文件,你需要知道从根路径开始的全路径,当我们在电脑上加入一个文件系统,我们需要将它放到文件树上,我们把它放入的目录叫做挂载点

### 7.0.0 

* 7.1.3
* 7.1.4
* 7.2.3
* 7.2.6
* 7.4.2
* 7.5.3
* 7.5.4
* 7.6.2
* 7.7.2
* 7.7.8

### 7.1 挂载本地文件系统

#### 7.1.1 mkdir

下面的例子是通过mkdir创建一个挂载点

```
root@RHELv4u2:~# mkdir /home/project42
```

#### 7.1.2 mount

当挂载点创立而且文件系统已经在分区上存在之后,这时候我们就可以将文件系统挂载到挂载点上

```
root@RHELv4u2:~# mount -t ext2 /dev/sdb1 /home/project42/
```

一旦挂载之后,新的文件系统对用户就是可见的了

#### 7.1.3 /etc/filesystems

实际上上面使用 -t ext2 并非必要,挂载命令会自动探测文件系统

当我们没有指定时,mount命令会首先探测/etc/filesystems,


#### 7.1.4 /proc/filesystems

#### 7.1.5 umount

我们可以通过umount命令取消一个已经挂载的文件系统

```
root@pasha:~# umount /home/reet
```

### 7.2 显示挂载的文件系统

为了显示所有已经挂载的文件系统,可以使用mount命令,或者查看/proc/mounts和/etc/mtab

#### 7.2.1 mount

单单使用mount命令不加任何参数是查看所有挂载信息的最常用方式

```
root@RHELv4u2:~# mount | grep /dev/sdb
/dev/sdb1 on /home/project42 type ext2 (rw)
```

#### 7.2.2 /proc/mounts

Linux内核提供了/proc/mounts文件,但是它不是来源于任何硬件设备,而是直接从内核中读取信息

```
root@RHELv4u2:~# cat /proc/mounts | grep /dev/sdb
/dev/sdb1 /home/project42 ext2 rw 0 0
```

#### 7.2.3 /etc/mtab 

/etc/mtab命令是由

#### 7.2.4 df

df是一个查看挂载文件系统更友好的命令,它可以显示你挂载磁盘的剩余空间,像很多其他Linux命令一样,df支持-和参数来提高可读性

#### 7.2.5 df -h

下面是df -h的例子,总空间,空余空间,使用空间,使用米率,挂载点都可以看到

#### 7.2.6 du

du命令可以查看文件和目录的磁盘利用率,使用du命令在一个挂载点你可以优先的看到磁盘空间被文件系统占用了多少

### 7.3 从开始到结束

下面是一个从探测硬盘到挂载的全部过程

```
[root@centos65 ~]# dmesg | grep '\[sdb\]'
sd 3:0:0:0: [sdb] 150994944 512-byte logical blocks: (77.3 GB/72.0 GiB)
sd 3:0:0:0: [sdb] Write Protect is off
sd 3:0:0:0: [sdb] Mode Sense: 00 3a 00 00
sd 3:0:0:0: [sdb] Write cache: enabled, read cache: enabled, doesn't support \
DPO or FUA
sd 3:0:0:0: [sdb] Attached SCSI disk
[root@centos65 ~]# parted /dev/sdb
(parted) mklabel msdos
(parted) mkpart primary ext4 1 77000
(parted) print
Model: ATA VBOX HARDDISK (scsi)
Disk /dev/sdb: 77.3GB
Sector size (logical/physical): 512B/512B
Partition Table: msdos
Number Start End Size Type File system Flags
 1 1049kB 77.0GB 77.0GB primary
(parted) quit
[root@centos65 ~]# mkfs.ext4 /dev/sdb1
mke2fs 1.41.12 (17-May-2010)
Filesystem label=
OS type: Linux
Block size=4096 (log=2)
Fragment size=4096 (log=2)
Stride=0 blocks, Stripe width=0 blocks
4702208 inodes, 18798592 blocks
939929 blocks (5.00%) reserved for the super user
First data block=0
Maximum filesystem blocks=4294967296
574 block groups
32768 blocks per group, 32768 fragments per group
8192 inodes per group
( output truncated )
...
[root@centos65 ~]# mount /dev/sdb1 /mnt
[root@centos65 ~]# mount | grep mnt
/dev/sdb1 on /mnt type ext4 (rw)
[root@centos65 ~]# df -h | grep mnt
/dev/sdb1 71G 180M 67G 1% /mnt
[root@centos65 ~]# du -sh /mnt
20K /mnt
[root@centos65 ~]# umount /mnt
```

### 7.4 永久挂载

到目前为止,我们展示手动挂载了,这些挂载会持续到下次启动,幸运的是有一种方式让你的电脑在启动的时候挂载某些文件系统

#### 7.4.1 /etc/fstab

这个文件系统表位于/etc/fstab,包含了一系列的文件系统,我们可以通过选项来自动挂载他们

西面是/etc/fstab的例子

```
root@RHELv4u2:~# cat /etc/fstab
/dev/VolGroup00/LogVol00 / ext3 defaults 1 1
LABEL=/boot /boot ext3 defaults 1 2
none /dev/pts devpts gid=5,mode=620 0 0
none /dev/shm tmpfs defaults 0 0
none /proc proc defaults 0 0
none /sys sysfs defaults 0 0
/dev/VolGroup00/LogVol01 swap swap defaults 0 0
```

加上下面一行,我们可以自动挂载文件系统

```
/dev/sdb1 /home/project42 ext2 defaults 0 0

```

#### 7.4.2 mount/mountpoint

加入到


### 7.5 挂载安全

mount有很多参数可以添加安全系统

#### 7.5.1 ro

ro命令可以挂载一个只读的文件系统,防止任何人去写

```
root@rhel53 ~# mount -t ext2 -o ro /dev/hdb1 /home/project42
root@rhel53 ~# touch /home/project42/testwrite
touch: cannot touch `/home/project42/testwrite': Read-only file system
```

#### 7.5.2 noexec

noexec可以防止脚本和可执行文件执行

#### 7.5.3 nosuid

nosuid选项可以忽略


#### 7.5.4 noacl


### 7.6 挂载远程文件系统

#### 7.6.1 smb/cifs

Samba团队有一个和SMB/CIFS协议兼容的UNIX服务,这个协议用于微软网络主机

连接一个Samba服务器需要mount命令

下面的例子显示如何连接10.0.0.42服务

```
[root@centos65 ~]# mount -t cifs -o user=paul //10.0.0.42/data2 /home/data2
Password:
[root@centos65 ~]# mount | grep cifs
//10.0.0.42/data2 on /home/data2 type cifs (rw)
```
上面的命令需要 yum install cifs-client

#### 7.6.2 nfs

Unix服务器一般使用nfs(又称网络文件系统)来在网络之间共享文件,搭建NFS文件系统我们后面再讨论,连接nfs服务器使用mount命令,和连接到本地存储系统非常相似

#### 7.6.3 nfs挂载参数

```
bg 如果挂载失败,在后台重试
fg (默认)如果挂载失败,在前台重试
soft N次失败之后停止尝试
hard (默认)一直尝试挂载
```

soft + bg组合保证了客户端在NFS问题下仍能够最快的启动

```
retrans=X Try X times to connect (over udp).
tcp Force tcp (default and supported)
udp Force udp (unsupported)
```


### 7.7问题/7.8答案

* 在/home/project22挂载一个200MB的分区

```
mkdir /home/project22
mount /dev/sdc1 /home/project22
```

* 

* 通过fdisk df mount检查你的工作,另外查看/etc/mtab和/proc/mounts

```
fdisk -l
df -h
mount
All three the above commands should show your mounted partitions.
grep project22 /etc/mtab
grep project22 /proc/mounts
```

* 永久挂载并检查

```
add the following lines to /etc/fstab
/dev/sdc1 /home/project22 auto defaults 0 0
/dev/sdb1 /srv/nfs/salesnumbers auto defaults 0 0
```

* 如果你在一个拥有一些文件的目录下挂载一个文件系统会怎么样

那些文件会隐藏，直到解除挂载

* 如果你像一个挂载点挂载俩文件系统会怎么样

只有最近的可以看到

* 描述find, locate, updatedb,makewhatis, whereis, apropos, which and type的却别

man命令看一下

* 
